=== Nightly Research Start: Sun Jul 26 01:00:02 CEST 2026 ===
Deadline: Sun Jul 26 05:30:00 CEST 2026
=== Meta-Backtest (Zeitbudget 180min) ===
Meta-Backtest des Allokators über 10 Ticker | Familien: baseline_swing, 
donchian_breakout, gap_meanrev, rsi_meanrev, ts_momentum, w52_high | Kapital 
$100,000
Survivorship-Hinweis: yfinance liefert nur Überlebende — Renditen aller Arme 
sind nach oben verzerrt; der PAARWEISE Vergleich der Arme (gleiche Daten, 
gleiche Verzerrung) bleibt davon weitgehend unberührt.

                          OOS-Ergebnis je Meta-Fenster                          
╭───────────┬───────────┬──────────┬────────┬───────────┬──────────┬───────────╮
│           │           │          │        │ allokator │ allokat… │ gleichge… │
│ Stichtag  │ OOS bis   │ Regime   │ ACTIVE │    Ret/DD │   Ret/DD │    Ret/DD │
├───────────┼───────────┼──────────┼────────┼───────────┼──────────┼───────────┤
│ 2014-06-… │ 2016-06-… │ BULL_CA… │      0 │      flat │     flat │  +60.8% / │
│           │           │          │        │           │          │     -8.6% │
│ 2015-06-… │ 2017-06-… │ BULL_CA… │      0 │      flat │     flat │  +43.3% / │
│           │           │          │        │           │          │     -8.1% │
│ 2016-06-… │ 2018-06-… │ BULL_CA… │      0 │      flat │     flat │  +59.9% / │
│           │           │          │        │           │          │     -7.1% │
│ 2017-06-… │ 2019-06-… │ BULL_CA… │      0 │      flat │     flat │  +18.8% / │
│           │           │          │        │           │          │    -11.1% │
│ 2018-06-… │ 2020-06-… │ BULL_CA… │      0 │      flat │     flat │  +48.9% / │
│           │           │          │        │           │          │    -13.5% │
│ 2019-06-… │ 2021-06-… │ BULL_VO… │      0 │      flat │     flat │  +97.1% / │
│           │           │          │        │           │          │     -8.6% │
│ 2020-06-… │ 2022-06-… │ BULL_VO… │      0 │      flat │     flat │  +29.6% / │
│           │           │          │        │           │          │    -12.9% │
│ 2021-06-… │ 2023-06-… │ BULL_VO… │      0 │      flat │     flat │  +33.6% / │
│           │           │          │        │           │          │    -26.8% │
│ 2022-06-… │ 2024-06-… │ BULL_VO… │      0 │      flat │     flat │  +85.7% / │
│           │           │          │        │           │          │    -16.1% │
│ 2023-06-… │ 2025-06-… │ SIDE_VO… │      0 │      flat │     flat │  +20.0% / │
│           │           │          │        │           │          │    -17.4% │
│ 2024-06-… │ 2026-06-… │ BULL_VO… │      0 │      flat │     flat │  +13.4% / │
│           │           │          │        │           │          │    -13.4% │
╰───────────┴───────────┴──────────┴────────┴───────────┴──────────┴───────────╯
                        Aggregat über alle Meta-Fenster                         
╭────────────────┬──────────┬─────────┬─────────┬─────────────┬───────┬────────╮
│ Arm            │ Ø Return │  Median │ Ø MaxDD │ Worst MaxDD │  flat │ Trades │
├────────────────┼──────────┼─────────┼─────────┼─────────────┼───────┼────────┤
│ allokator      │   +0.00% │  +0.00% │   0.00% │       0.00% │ 11/11 │      0 │
│ allokator_reg… │   +0.00% │  +0.00% │   0.00% │       0.00% │ 11/11 │      0 │
│ gleichgewicht… │  +46.46% │ +43.28% │ -13.05% │     -26.79% │  0/11 │   1121 │
╰────────────────┴──────────┴─────────┴─────────┴─────────────┴───────┴────────╯

Paired-Differenzen (je Meta-Fenster, Bootstrap-90%-CI):
  Allokator − Gleichgewichtung (hilft die Selektion?): Ø -46.46%  CI [-60.29%, 
-34.41%]  P(≤0)=100%
  Regime-Faktor − Allokator (bringt Regime zusätzlich was?): Ø +0.00%  CI 
[+0.00%, +0.00%]  P(≤0)=100%

Lesart: CI-Untergrenze > 0 → Arm ist signifikant besser. CI um 0 → keine belegte
Kante, Verdikt offen.
=== Meta-Backtest Ende: Sun Jul 26 02:08:17 CEST 2026 ===
=== CPCV (Zeitbudget 180min) ===
CPCV über 10 Ticker | 6 Blöcke, 2 als Test je Pfad | Purge 10d / Embargo 5d | 
Historie 20J
Zweite Validierungs-Achse neben Walk-Forward — prüft Robustheit über VIELE 
Test-Block-Kombinationen statt nur einer Zeitrichtung.
NUR Überlebende — Survivorship-Bias NICHT gemildert (Kennzahlen nach oben 
verzerrt).
                        CPCV-Robustheit (OOS über Pfade)                        
╭───────┬───────┬───────┬───────┬───────┬───────┬──────┬───────┬───────┬───────╮
│       │       │     Ø │       │       │ OOS-… │      │       │       │       │
│ Stra… │ Pfade │  Test │ Medi… │ Worst │   90% │ %pos │ WF-E… │ Stab… │ Verd… │
├───────┼───────┼───────┼───────┼───────┼───────┼──────┼───────┼───────┼───────┤
│ base… │    15 │ +1.06 │ +0.79 │ +0.48 │ [+0.… │ 100% │  0.23 │   47% │ FRAG… │
│ donc… │    15 │ +0.87 │ +0.69 │ +0.34 │ [+0.… │ 100% │  0.26 │   53% │ FRAG… │
│ gap_… │    15 │ -0.03 │ -0.03 │ -0.11 │ [-0.… │   7% │ -0.30 │   47% │ OVER… │
│ rsi_… │    15 │ +0.14 │ +0.12 │ +0.02 │ [+0.… │ 100% │  0.46 │   80% │ FRAG… │
│ ts_m… │    15 │ +0.61 │ +0.45 │ +0.20 │ [+0.… │ 100% │  0.28 │   73% │ FRAG… │
│ w52_… │    15 │ +0.26 │ +0.13 │ +0.09 │ [+0.… │ 100% │  0.21 │   33% │ FRAG… │
╰───────┴───────┴───────┴───────┴───────┴───────┴──────┴───────┴───────┴───────╯
ROBUST verlangt hier dieselben Šidák/Bootstrap-Gates wie Walk-Forward — nur über
Test-Block-Kombinationen statt Zeitfenstern. Zwei robuste Achsen sind ein 
deutlich stärkeres Signal als eine.
=== CPCV Ende: Sun Jul 26 03:47:11 CEST 2026 ===
=== Nightly Research Ende: Sun Jul 26 03:47:11 CEST 2026 ===
