=== Nightly Research Start: Do 6. Aug 18:58:46 UTC 2026 ===
Deadline: Fr 7. Aug 05:30:00 UTC 2026
=== Walk-Forward (Zeitbudget 180min) ===
Walk-Forward über 10 Ticker | Train 4J / Test 2J / Schritt 2J / Historie 20J
Out-of-Sample-Validierung – technisch, kein News-Sentiment.
NUR Überlebende — Survivorship-Bias NICHT gemildert (Kennzahlen nach oben 
verzerrt).
                         Walk-Forward-Robustheit (OOS)                          
╭──────┬──────┬──────┬──────┬──────┬──────┬──────┬───────┬──────┬───────┬──────╮
│      │      │    Ø │      │      │ OOS… │      │       │      │ robu… │      │
│ Str… │ Fen… │ Test │ Med… │ Wor… │  90% │ %pos │ WF-E… │ Sta… │ Regi… │ Ver… │
├──────┼──────┼──────┼──────┼──────┼──────┼──────┼───────┼──────┼───────┼──────┤
│ bas… │    0 │ +0.… │ +0.… │ +0.… │ [+0… │   0% │  0.00 │   0% │ —     │ OVE… │
│ don… │    0 │ +0.… │ +0.… │ +0.… │ [+0… │   0% │  0.00 │   0% │ —     │ OVE… │
│ gap… │    0 │ +0.… │ +0.… │ +0.… │ [+0… │   0% │  0.00 │   0% │ —     │ OVE… │
│ rsi… │    0 │ +0.… │ +0.… │ +0.… │ [+0… │   0% │  0.00 │   0% │ —     │ OVE… │
│ ts_… │    0 │ +0.… │ +0.… │ +0.… │ [+0… │   0% │  0.00 │   0% │ —     │ OVE… │
│ w52… │    0 │ +0.… │ +0.… │ +0.… │ [+0… │   0% │  0.00 │   0% │ —     │ OVE… │
╰──────┴──────┴──────┴──────┴──────┴──────┴──────┴───────┴──────┴───────┴──────╯
Multiple-Testing (6.4): 1 Kombos getestet → Šidák-Schwelle p ≤ 0.0500 für 
ROBUST.
Holdout: jüngste 2J ausgespart — nie durchsucht; Bewertung nur via run_holdout()
(protokolliert).
ROBUST = OOS-Kante signifikant > 0 (Bootstrap-CI-Untergrenze, Šidák-korrigiert 
für die Suchraum-Größe) & stabil · OVERFIT = Train gut, Test schlecht.
              Promotion-Registry (Survivorship)              
╭───────────────────┬──────────┬─────────┬──────────────────╮
│ Strategie         │   Status │ Gewicht │ modale Parameter │
├───────────────────┼──────────┼─────────┼──────────────────┤
│ baseline_swing    │ REJECTED │       — │ —                │
│ donchian_breakout │ REJECTED │       — │ —                │
│ gap_meanrev       │ REJECTED │       — │ —                │
│ rsi_meanrev       │ REJECTED │       — │ —                │
│ ts_momentum       │ REJECTED │       — │ —                │
│ w52_high          │ REJECTED │       — │ —                │
╰───────────────────┴──────────┴─────────┴──────────────────╯
0 aktiv · modale (stabilste) Parameter, Gewicht nach Robustheit · Phase 5 
Meta-Allokator liest diese Registry.
→ gespeichert: /home/aaron/Aktien1/strategy_lab/../data/strategy_registry.json
=== Walk-Forward Ende: Do 6. Aug 18:58:48 UTC 2026 ===
=== Nightly Research Ende: Do 6. Aug 18:58:48 UTC 2026 ===
