=== Nightly Research Start: Sun Jul 19 01:00:00 CEST 2026 ===
Deadline: Sun Jul 19 05:30:00 CEST 2026
=== Meta-Backtest (Zeitbudget 180min) ===
Meta-Backtest des Allokators über 10 Ticker | Familien: baseline_swing, 
donchian_breakout, gap_meanrev, rsi_meanrev, ts_momentum, w52_high | Kapital 
$100,000
Survivorship-Hinweis: yfinance liefert nur Überlebende — Renditen aller Arme 
sind nach oben verzerrt; der PAARWEISE Vergleich der Arme (gleiche Daten, 
gleiche Verzerrung) bleibt davon weitgehend unberührt.

                          OOS-Ergebnis je Meta-Fenster                          
╭───────────┬───────────┬──────────┬────────┬───────────┬──────────┬───────────╮
│           │           │          │        │ allokator │ allokat… │ gleichge… │
│ Stichtag  │ OOS bis   │ Regime   │ ACTIVE │    Ret/DD │   Ret/DD │    Ret/DD │
├───────────┼───────────┼──────────┼────────┼───────────┼──────────┼───────────┤
│ 2014-06-… │ 2016-06-… │ BULL_CA… │      0 │      flat │     flat │  +46.7% / │
│           │           │          │        │           │          │     -8.7% │
│ 2015-06-… │ 2017-06-… │ BULL_CA… │      0 │      flat │     flat │  +47.0% / │
│           │           │          │        │           │          │     -8.1% │
│ 2016-06-… │ 2018-06-… │ BULL_CA… │      0 │      flat │     flat │  +51.8% / │
│           │           │          │        │           │          │     -9.0% │
│ 2017-06-… │ 2019-06-… │ BULL_CA… │      0 │      flat │     flat │  +12.2% / │
│           │           │          │        │           │          │    -13.0% │
│ 2018-06-… │ 2020-06-… │ BULL_CA… │      0 │      flat │     flat │  +53.0% / │
│           │           │          │        │           │          │    -15.5% │
│ 2019-06-… │ 2021-06-… │ BULL_VO… │      0 │      flat │     flat │  +83.5% / │
│           │           │          │        │           │          │     -8.6% │
│ 2020-06-… │ 2022-06-… │ BULL_VO… │      0 │      flat │     flat │  +30.7% / │
│           │           │          │        │           │          │    -10.6% │
│ 2021-06-… │ 2023-06-… │ BULL_VO… │      0 │      flat │     flat │  +27.3% / │
│           │           │          │        │           │          │    -26.8% │
│ 2022-06-… │ 2024-06-… │ BULL_VO… │      0 │      flat │     flat │  +89.5% / │
│           │           │          │        │           │          │    -14.4% │
│ 2023-06-… │ 2025-06-… │ SIDE_VO… │      0 │      flat │     flat │  +16.4% / │
│           │           │          │        │           │          │    -16.9% │
│ 2024-06-… │ 2026-06-… │ BULL_VO… │      0 │      flat │     flat │   +9.2% / │
│           │           │          │        │           │          │    -15.9% │
╰───────────┴───────────┴──────────┴────────┴───────────┴──────────┴───────────╯
                        Aggregat über alle Meta-Fenster                         
╭────────────────┬──────────┬─────────┬─────────┬─────────────┬───────┬────────╮
│ Arm            │ Ø Return │  Median │ Ø MaxDD │ Worst MaxDD │  flat │ Trades │
├────────────────┼──────────┼─────────┼─────────┼─────────────┼───────┼────────┤
│ allokator      │   +0.00% │  +0.00% │   0.00% │       0.00% │ 11/11 │      0 │
│ allokator_reg… │   +0.00% │  +0.00% │   0.00% │       0.00% │ 11/11 │      0 │
│ gleichgewicht… │  +42.48% │ +46.71% │ -13.41% │     -26.76% │  0/11 │   1132 │
╰────────────────┴──────────┴─────────┴─────────┴─────────────┴───────┴────────╯

Paired-Differenzen (je Meta-Fenster, Bootstrap-90%-CI):
  Allokator − Gleichgewichtung (hilft die Selektion?): Ø -42.48%  CI [-55.70%, 
-30.25%]  P(≤0)=100%
  Regime-Faktor − Allokator (bringt Regime zusätzlich was?): Ø +0.00%  CI 
[+0.00%, +0.00%]  P(≤0)=100%

Lesart: CI-Untergrenze > 0 → Arm ist signifikant besser. CI um 0 → keine belegte
Kante, Verdikt offen.
=== Meta-Backtest Ende: Sun Jul 19 02:11:52 CEST 2026 ===
=== CPCV (Zeitbudget 180min) ===
CPCV über 10 Ticker | 6 Blöcke, 2 als Test je Pfad | Purge 10d / Embargo 5d | 
Historie 20J
Zweite Validierungs-Achse neben Walk-Forward — prüft Robustheit über VIELE 
Test-Block-Kombinationen statt nur einer Zeitrichtung.
NUR Überlebende — Survivorship-Bias NICHT gemildert (Kennzahlen nach oben 
verzerrt).
                        CPCV-Robustheit (OOS über Pfade)                        
╭───────┬───────┬───────┬───────┬───────┬───────┬──────┬───────┬───────┬───────╮
│       │       │     Ø │       │       │ OOS-… │      │       │       │       │
│ Stra… │ Pfade │  Test │ Medi… │ Worst │   90% │ %pos │ WF-E… │ Stab… │ Verd… │
├───────┼───────┼───────┼───────┼───────┼───────┼──────┼───────┼───────┼───────┤
│ base… │    15 │ +1.13 │ +0.84 │ +0.49 │ [+0.… │ 100% │  0.24 │   67% │ FRAG… │
│ donc… │    15 │ +0.88 │ +0.73 │ +0.34 │ [+0.… │ 100% │  0.25 │   53% │ FRAG… │
│ gap_… │    15 │ -0.03 │ -0.03 │ -0.11 │ [-0.… │   7% │ -0.32 │   47% │ OVER… │
│ rsi_… │    15 │ +0.14 │ +0.12 │ +0.02 │ [+0.… │ 100% │  0.46 │   80% │ FRAG… │
│ ts_m… │    15 │ +0.61 │ +0.46 │ +0.28 │ [+0.… │ 100% │  0.28 │   60% │ FRAG… │
│ w52_… │    15 │ +0.25 │ +0.16 │ +0.07 │ [+0.… │ 100% │  0.20 │   27% │ FRAG… │
╰───────┴───────┴───────┴───────┴───────┴───────┴──────┴───────┴───────┴───────╯
ROBUST verlangt hier dieselben Šidák/Bootstrap-Gates wie Walk-Forward — nur über
Test-Block-Kombinationen statt Zeitfenstern. Zwei robuste Achsen sind ein 
deutlich stärkeres Signal als eine.
=== CPCV Ende: Sun Jul 19 03:53:30 CEST 2026 ===
=== Nightly Research Ende: Sun Jul 19 03:53:30 CEST 2026 ===
